Archive member included to satisfy reference by file (symbol)

c:/program files (x86)/atmel/studio/7.0/toolchain/arm/arm-gnu-toolchain/bin/../lib/gcc/arm-none-eabi/6.3.1/thumb/v6-m\libgcc.a(_udivsi3.o)
                              src/ASF/sam0/drivers/system/clock/clock_samd21_r21_da_ha1/clock.o (__aeabi_uidiv)
c:/program files (x86)/atmel/studio/7.0/toolchain/arm/arm-gnu-toolchain/bin/../lib/gcc/arm-none-eabi/6.3.1/thumb/v6-m\libgcc.a(_dvmd_tls.o)
                              c:/program files (x86)/atmel/studio/7.0/toolchain/arm/arm-gnu-toolchain/bin/../lib/gcc/arm-none-eabi/6.3.1/thumb/v6-m\libgcc.a(_udivsi3.o) (__aeabi_idiv0)
c:/program files (x86)/atmel/studio/7.0/toolchain/arm/arm-gnu-toolchain/bin/../lib/gcc/arm-none-eabi/6.3.1/../../../../arm-none-eabi/lib/thumb/v6-m\libc_nano.a(lib_a-exit.o)
                              c:/program files (x86)/atmel/studio/7.0/toolchain/arm/arm-gnu-toolchain/bin/../lib/gcc/arm-none-eabi/6.3.1/../../../../arm-none-eabi/lib/thumb/v6-m/crt0.o (exit)
c:/program files (x86)/atmel/studio/7.0/toolchain/arm/arm-gnu-toolchain/bin/../lib/gcc/arm-none-eabi/6.3.1/../../../../arm-none-eabi/lib/thumb/v6-m\libc_nano.a(lib_a-impure.o)
                              c:/program files (x86)/atmel/studio/7.0/toolchain/arm/arm-gnu-toolchain/bin/../lib/gcc/arm-none-eabi/6.3.1/../../../../arm-none-eabi/lib/thumb/v6-m\libc_nano.a(lib_a-exit.o) (_global_impure_ptr)
c:/program files (x86)/atmel/studio/7.0/toolchain/arm/arm-gnu-toolchain/bin/../lib/gcc/arm-none-eabi/6.3.1/../../../../arm-none-eabi/lib/thumb/v6-m\libc_nano.a(lib_a-init.o)
                              c:/program files (x86)/atmel/studio/7.0/toolchain/arm/arm-gnu-toolchain/bin/../lib/gcc/arm-none-eabi/6.3.1/../../../../arm-none-eabi/lib/thumb/v6-m/crt0.o (__libc_init_array)
c:/program files (x86)/atmel/studio/7.0/toolchain/arm/arm-gnu-toolchain/bin/../lib/gcc/arm-none-eabi/6.3.1/../../../../arm-none-eabi/lib/thumb/v6-m\libc_nano.a(lib_a-memset.o)
                              c:/program files (x86)/atmel/studio/7.0/toolchain/arm/arm-gnu-toolchain/bin/../lib/gcc/arm-none-eabi/6.3.1/../../../../arm-none-eabi/lib/thumb/v6-m/crt0.o (memset)

Allocating common symbols
Common symbol       size              file

ledValue            0x1               src/led-driver.o
_extint_dev         0x40              src/ASF/sam0/drivers/extint/extint_sam_d_r_h/extint.o
_current_channel    0x1               src/ASF/sam0/drivers/extint/extint_callback.o

Discarded input sections

 .text          0x00000000        0x0 c:/program files (x86)/atmel/studio/7.0/toolchain/arm/arm-gnu-toolchain/bin/../lib/gcc/arm-none-eabi/6.3.1/thumb/v6-m/crti.o
 .data          0x00000000        0x0 c:/program files (x86)/atmel/studio/7.0/toolchain/arm/arm-gnu-toolchain/bin/../lib/gcc/arm-none-eabi/6.3.1/thumb/v6-m/crti.o
 .bss           0x00000000        0x0 c:/program files (x86)/atmel/studio/7.0/toolchain/arm/arm-gnu-toolchain/bin/../lib/gcc/arm-none-eabi/6.3.1/thumb/v6-m/crti.o
 .data          0x00000000        0x4 c:/program files (x86)/atmel/studio/7.0/toolchain/arm/arm-gnu-toolchain/bin/../lib/gcc/arm-none-eabi/6.3.1/thumb/v6-m/crtbegin.o
 .text          0x00000000       0x78 c:/program files (x86)/atmel/studio/7.0/toolchain/arm/arm-gnu-toolchain/bin/../lib/gcc/arm-none-eabi/6.3.1/../../../../arm-none-eabi/lib/thumb/v6-m/crt0.o
 .data          0x00000000        0x0 c:/program files (x86)/atmel/studio/7.0/toolchain/arm/arm-gnu-toolchain/bin/../lib/gcc/arm-none-eabi/6.3.1/../../../../arm-none-eabi/lib/thumb/v6-m/crt0.o
 .bss           0x00000000        0x0 c:/program files (x86)/atmel/studio/7.0/toolchain/arm/arm-gnu-toolchain/bin/../lib/gcc/arm-none-eabi/6.3.1/../../../../arm-none-eabi/lib/thumb/v6-m/crt0.o
 .ARM.extab     0x00000000        0x0 c:/program files (x86)/atmel/studio/7.0/toolchain/arm/arm-gnu-toolchain/bin/../lib/gcc/arm-none-eabi/6.3.1/../../../../arm-none-eabi/lib/thumb/v6-m/crt0.o
 .ARM.exidx     0x00000000        0x8 c:/program files (x86)/atmel/studio/7.0/toolchain/arm/arm-gnu-toolchain/bin/../lib/gcc/arm-none-eabi/6.3.1/../../../../arm-none-eabi/lib/thumb/v6-m/crt0.o
 .ARM.attributes
                0x00000000       0x1b c:/program files (x86)/atmel/studio/7.0/toolchain/arm/arm-gnu-toolchain/bin/../lib/gcc/arm-none-eabi/6.3.1/../../../../arm-none-eabi/lib/thumb/v6-m/crt0.o
 .group         0x00000000        0x8 src/ASF/sam0/drivers/extint/extint_callback.o
 .group         0x00000000        0x8 src/ASF/sam0/drivers/extint/extint_callback.o
 .group         0x00000000        0x8 src/ASF/sam0/drivers/extint/extint_callback.o
 .group         0x00000000        0x8 src/ASF/sam0/drivers/extint/extint_callback.o
 .group         0x00000000        0x8 src/ASF/sam0/drivers/extint/extint_callback.o
 .group         0x00000000        0x8 src/ASF/sam0/drivers/extint/extint_callback.o
 .group         0x00000000        0x8 src/ASF/sam0/drivers/extint/extint_callback.o
 .group         0x00000000        0x8 src/ASF/sam0/drivers/extint/extint_callback.o
[...]
Memory Configuration

Name             Origin             Length             Attributes
rom              0x00000000         0x00040000         xr
ram              0x20000000         0x00008000         xrw
*default*        0x00000000         0xffffffff

Linker script and memory map

LOAD c:/program files (x86)/atmel/studio/7.0/toolchain/arm/arm-gnu-toolchain/bin/../lib/gcc/arm-none-eabi/6.3.1/thumb/v6-m/crti.o
LOAD c:/program files (x86)/atmel/studio/7.0/toolchain/arm/arm-gnu-toolchain/bin/../lib/gcc/arm-none-eabi/6.3.1/thumb/v6-m/crtbegin.o
LOAD c:/program files (x86)/atmel/studio/7.0/toolchain/arm/arm-gnu-toolchain/bin/../lib/gcc/arm-none-eabi/6.3.1/../../../../arm-none-eabi/lib/thumb/v6-m/crt0.o
LOAD src/ASF/sam0/drivers/extint/extint_callback.o
LOAD src/ASF/sam0/drivers/extint/extint_sam_d_r_h/extint.o
LOAD src/ASF/common/utils/interrupt/interrupt_sam_nvic.o
LOAD src/ASF/sam0/boards/samd21_xplained_pro/board_init.o
LOAD src/ASF/sam0/drivers/port/port.o
LOAD src/ASF/sam0/drivers/system/clock/clock_samd21_r21_da_ha1/clock.o
LOAD src/ASF/sam0/drivers/system/clock/clock_samd21_r21_da_ha1/gclk.o
LOAD src/ASF/sam0/drivers/system/interrupt/system_interrupt.o
LOAD src/ASF/sam0/drivers/system/pinmux/pinmux.o
LOAD src/ASF/sam0/drivers/system/system.o
LOAD src/ASF/sam0/utils/cmsis/samd21/source/gcc/startup_samd21.o
LOAD src/ASF/sam0/utils/cmsis/samd21/source/system_samd21.o
LOAD src/ASF/sam0/utils/syscalls/gcc/syscalls.o
LOAD src/led-driver.o
LOAD src/main.o
START GROUP
LOAD ../src/ASF/thirdparty/CMSIS/Lib/GCC\libarm_cortexM0l_math.a
LOAD c:/program files (x86)/atmel/studio/7.0/toolchain/arm/arm-gnu-toolchain/bin/../lib/gcc/arm-none-eabi/6.3.1/../../../../arm-none-eabi/lib/thumb/v6-m\libm.a
END GROUP
START GROUP
LOAD c:/program files (x86)/atmel/studio/7.0/toolchain/arm/arm-gnu-toolchain/bin/../lib/gcc/arm-none-eabi/6.3.1/thumb/v6-m\libgcc.a
LOAD c:/program files (x86)/atmel/studio/7.0/toolchain/arm/arm-gnu-toolchain/bin/../lib/gcc/arm-none-eabi/6.3.1/../../../../arm-none-eabi/lib/thumb/v6-m\libc_nano.a
END GROUP
START GROUP
LOAD c:/program files (x86)/atmel/studio/7.0/toolchain/arm/arm-gnu-toolchain/bin/../lib/gcc/arm-none-eabi/6.3.1/thumb/v6-m\libgcc.a
LOAD c:/program files (x86)/atmel/studio/7.0/toolchain/arm/arm-gnu-toolchain/bin/../lib/gcc/arm-none-eabi/6.3.1/../../../../arm-none-eabi/lib/thumb/v6-m\libc_nano.a
END GROUP
LOAD c:/program files (x86)/atmel/studio/7.0/toolchain/arm/arm-gnu-toolchain/bin/../lib/gcc/arm-none-eabi/6.3.1/thumb/v6-m/crtend.o
LOAD c:/program files (x86)/atmel/studio/7.0/toolchain/arm/arm-gnu-toolchain/bin/../lib/gcc/arm-none-eabi/6.3.1/thumb/v6-m/crtn.o
                0x00002000                STACK_SIZE = DEFINED (STACK_SIZE)?STACK_SIZE:DEFINED (__stack_size__)?__stack_size__:0x2000

.text           0x00000000      0xa64
                0x00000000                . = ALIGN (0x4)
                0x00000000                _sfixed = .
 *(.vectors .vectors.*)
 .vectors       0x00000000       0xb4 src/ASF/sam0/utils/cmsis/samd21/source/gcc/startup_samd21.o
                0x00000000                exception_table
 *(.text .text.* .gnu.linkonce.t.*)
 .text          0x000000b4       0x60 c:/program files (x86)/atmel/studio/7.0/toolchain/arm/arm-gnu-toolchain/bin/../lib/gcc/arm-none-eabi/6.3.1/thumb/v6-m/crtbegin.o
 .text.extint_register_callback
                0x00000114       0x2c src/ASF/sam0/drivers/extint/extint_callback.o
                0x00000114                extint_register_callback
 .text.extint_chan_enable_callback
                0x00000140       0x20 src/ASF/sam0/drivers/extint/extint_callback.o
                0x00000140                extint_chan_enable_callback
 .text.EIC_Handler
                0x00000160       0x54 src/ASF/sam0/drivers/extint/extint_callback.o
                0x00000160                EIC_Handler
 .text._extint_enable
                0x000001b4       0x18 src/ASF/sam0/drivers/extint/extint_sam_d_r_h/extint.o
 .text._system_extint_init
                0x000001cc       0x6c src/ASF/sam0/drivers/extint/extint_sam_d_r_h/extint.o
                0x000001cc                _system_extint_init
 .text.extint_chan_get_config_defaults
                0x00000238       0x14 src/ASF/sam0/drivers/extint/extint_sam_d_r_h/extint.o
                0x00000238                extint_chan_get_config_defaults
 .text.extint_chan_set_config
                0x0000024c       0x78 src/ASF/sam0/drivers/extint/extint_sam_d_r_h/extint.o
                0x0000024c                extint_chan_set_config
 .text.cpu_irq_enter_critical
                0x000002c4       0x40 src/ASF/common/utils/interrupt/interrupt_sam_nvic.o
                0x000002c4                cpu_irq_enter_critical
 .text.cpu_irq_leave_critical
                0x00000304       0x30 src/ASF/common/utils/interrupt/interrupt_sam_nvic.o
                0x00000304                cpu_irq_leave_critical
 .text.system_board_init
                0x00000334       0x38 src/ASF/sam0/boards/samd21_xplained_pro/board_init.o
                0x00000334                board_init
                0x00000334                system_board_init
 .text.port_pin_set_config
                0x0000036c       0x24 src/ASF/sam0/drivers/port/port.o
                0x0000036c                port_pin_set_config
 .text.system_clock_source_osc8m_set_config
                0x00000390       0x3c src/ASF/sam0/drivers/system/clock/clock_samd21_r21_da_ha1/clock.o
                0x00000390                system_clock_source_osc8m_set_config
 .text.system_clock_source_enable
                0x000003cc       0xa8 src/ASF/sam0/drivers/system/clock/clock_samd21_r21_da_ha1/clock.o
                0x000003cc                system_clock_source_enable
 .text.system_clock_init
                0x00000474       0x98 src/ASF/sam0/drivers/system/clock/clock_samd21_r21_da_ha1/clock.o
                0x00000474                system_clock_init
 .text.system_gclk_init
                0x0000050c       0x24 src/ASF/sam0/drivers/system/clock/clock_samd21_r21_da_ha1/gclk.o
                0x0000050c                system_gclk_init
 .text.system_gclk_gen_set_config
                0x00000530       0xb8 src/ASF/sam0/drivers/system/clock/clock_samd21_r21_da_ha1/gclk.o
                0x00000530                system_gclk_gen_set_config
 .text.system_gclk_gen_enable
                0x000005e8       0x44 src/ASF/sam0/drivers/system/clock/clock_samd21_r21_da_ha1/gclk.o
                0x000005e8                system_gclk_gen_enable
 .text.system_gclk_chan_enable
                0x0000062c       0x30 src/ASF/sam0/drivers/system/clock/clock_samd21_r21_da_ha1/gclk.o
                0x0000062c                system_gclk_chan_enable
 .text.system_gclk_chan_disable
                0x0000065c       0x5c src/ASF/sam0/drivers/system/clock/clock_samd21_r21_da_ha1/gclk.o
                0x0000065c                system_gclk_chan_disable
 .text.system_gclk_chan_set_config
                0x000006b8       0x1c src/ASF/sam0/drivers/system/clock/clock_samd21_r21_da_ha1/gclk.o
                0x000006b8                system_gclk_chan_set_config
 .text._system_pinmux_config
                0x000006d4       0xa8 src/ASF/sam0/drivers/system/pinmux/pinmux.o
 .text.system_pinmux_pin_set_config
                0x0000077c       0x30 src/ASF/sam0/drivers/system/pinmux/pinmux.o
                0x0000077c                system_pinmux_pin_set_config
 .text._system_dummy_init
                0x000007ac        0x2 src/ASF/sam0/drivers/system/system.o
                0x000007ac                _system_events_init
                0x000007ac                _system_dummy_init
                0x000007ac                _system_divas_init
 *fill*         0x000007ae        0x2 
 .text.system_init
                0x000007b0       0x2c src/ASF/sam0/drivers/system/system.o
                0x000007b0                system_init
 .text.Dummy_Handler
                0x000007dc        0x2 src/ASF/sam0/utils/cmsis/samd21/source/gcc/startup_samd21.o
                0x000007dc                DMAC_Handler
                0x000007dc                HardFault_Handler
                0x000007dc                AC_Handler
                0x000007dc                SysTick_Handler
                0x000007dc                PendSV_Handler
                0x000007dc                NMI_Handler
                0x000007dc                TC7_Handler
                0x000007dc                SERCOM1_Handler
                0x000007dc                ADC_Handler
                0x000007dc                TCC1_Handler
                0x000007dc                SERCOM2_Handler
                0x000007dc                TCC0_Handler
                0x000007dc                RTC_Handler
                0x000007dc                TC6_Handler
                0x000007dc                WDT_Handler
                0x000007dc                TC4_Handler
                0x000007dc                USB_Handler
                0x000007dc                TC3_Handler
                0x000007dc                Dummy_Handler
                0x000007dc                PM_Handler
                0x000007dc                SERCOM5_Handler
                0x000007dc                SVC_Handler
                0x000007dc                TCC2_Handler
                0x000007dc                EVSYS_Handler
                0x000007dc                SERCOM3_Handler
                0x000007dc                SERCOM4_Handler
                0x000007dc                I2S_Handler
                0x000007dc                NVMCTRL_Handler
                0x000007dc                SERCOM0_Handler
                0x000007dc                DAC_Handler
                0x000007dc                PTC_Handler
                0x000007dc                TC5_Handler
                0x000007dc                SYSCTRL_Handler
 *fill*         0x000007de        0x2 
 .text.Reset_Handler
                0x000007e0       0xe4 src/ASF/sam0/utils/cmsis/samd21/source/gcc/startup_samd21.o
                0x000007e0                Reset_Handler
 .text.led_config
                0x000008c4        0xc src/led-driver.o
                0x000008c4                led_config
 .text.led_on   0x000008d0       0x2c src/led-driver.o
                0x000008d0                led_on
 .text.led_off  0x000008fc       0x2c src/led-driver.o
                0x000008fc                led_off
 .text.extint_detection_callback
                0x00000928       0x28 src/main.o
                0x00000928                extint_detection_callback
 .text.configure_extint_channel
                0x00000950       0x30 src/main.o
                0x00000950                configure_extint_channel
 .text.configure_extint_callbacks
                0x00000980       0x24 src/main.o
                0x00000980                configure_extint_callbacks
 .text.main     0x000009a4       0x34 src/main.o
                0x000009a4                main
 .text.__libc_init_array
                0x000009d8       0x48 c:/program files (x86)/atmel/studio/7.0/toolchain/arm/arm-gnu-toolchain/bin/../lib/gcc/arm-none-eabi/6.3.1/../../../../arm-none-eabi/lib/thumb/v6-m\libc_nano.a(lib_a-init.o)
                0x000009d8                __libc_init_array
 *(.glue_7t)
 .glue_7t       0x00000a20        0x0 linker stubs
 *(.glue_7)
 .glue_7        0x00000a20        0x0 linker stubs
 *(.rodata .rodata* .gnu.linkonce.r.*)
 .rodata.system_clock_source_enable
                0x00000a20       0x24 src/ASF/sam0/drivers/system/clock/clock_samd21_r21_da_ha1/clock.o
 *(.ARM.extab* .gnu.linkonce.armextab.*)
                0x00000a44                . = ALIGN (0x4)
 *(.init)
 .init          0x00000a44        0x4 c:/program files (x86)/atmel/studio/7.0/toolchain/arm/arm-gnu-toolchain/bin/../lib/gcc/arm-none-eabi/6.3.1/thumb/v6-m/crti.o
                0x00000a44                _init
 .init          0x00000a48        0x8 c:/program files (x86)/atmel/studio/7.0/toolchain/arm/arm-gnu-toolchain/bin/../lib/gcc/arm-none-eabi/6.3.1/thumb/v6-m/crtn.o
                0x00000a50                . = ALIGN (0x4)
                0x00000a50                __preinit_array_start = .
 *(.preinit_array)
                0x00000a50                __preinit_array_end = .
                0x00000a50                . = ALIGN (0x4)
                0x00000a50                __init_array_start = .
 *(SORT(.init_array.*))
 *(.init_array)
 .init_array    0x00000a50        0x4 c:/program files (x86)/atmel/studio/7.0/toolchain/arm/arm-gnu-toolchain/bin/../lib/gcc/arm-none-eabi/6.3.1/thumb/v6-m/crtbegin.o
                0x00000a54                __init_array_end = .
                0x00000a54                . = ALIGN (0x4)
 *crtbegin.o(.ctors)
 *(EXCLUDE_FILE(*crtend.o) .ctors)
 *(SORT(.ctors.*))
 *crtend.o(.ctors)
                0x00000a54                . = ALIGN (0x4)
 *(.fini)
 .fini          0x00000a54        0x4 c:/program files (x86)/atmel/studio/7.0/toolchain/arm/arm-gnu-toolchain/bin/../lib/gcc/arm-none-eabi/6.3.1/thumb/v6-m/crti.o
                0x00000a54                _fini
 .fini          0x00000a58        0x8 c:/program files (x86)/atmel/studio/7.0/toolchain/arm/arm-gnu-toolchain/bin/../lib/gcc/arm-none-eabi/6.3.1/thumb/v6-m/crtn.o
                0x00000a60                . = ALIGN (0x4)
                0x00000a60                __fini_array_start = .
 *(.fini_array)
 .fini_array    0x00000a60        0x4 c:/program files (x86)/atmel/studio/7.0/toolchain/arm/arm-gnu-toolchain/bin/../lib/gcc/arm-none-eabi/6.3.1/thumb/v6-m/crtbegin.o
 *(SORT(.fini_array.*))
                0x00000a64                __fini_array_end = .
 *crtbegin.o(.dtors)
 *(EXCLUDE_FILE(*crtend.o) .dtors)
 *(SORT(.dtors.*))
 *crtend.o(.dtors)
                0x00000a64                . = ALIGN (0x4)
                0x00000a64                _efixed = .
                [!provide]                PROVIDE (__exidx_start, .)

.vfp11_veneer   0x00000a64        0x0
 .vfp11_veneer  0x00000a64        0x0 linker stubs

.v4_bx          0x00000a64        0x0
 .v4_bx         0x00000a64        0x0 linker stubs

.iplt           0x00000a64        0x0
 .iplt          0x00000a64        0x0 c:/program files (x86)/atmel/studio/7.0/toolchain/arm/arm-gnu-toolchain/bin/../lib/gcc/arm-none-eabi/6.3.1/thumb/v6-m/crtbegin.o

.eh_frame       0x00000a64        0x0
 .eh_frame      0x00000a64        0x0 c:/program files (x86)/atmel/studio/7.0/toolchain/arm/arm-gnu-toolchain/bin/../lib/gcc/arm-none-eabi/6.3.1/thumb/v6-m/crtbegin.o

.rel.dyn        0x00000a64        0x0
 .rel.iplt      0x00000a64        0x0 c:/program files (x86)/atmel/studio/7.0/toolchain/arm/arm-gnu-toolchain/bin/../lib/gcc/arm-none-eabi/6.3.1/thumb/v6-m/crtbegin.o

.jcr            0x00000a64        0x0
 .jcr           0x00000a64        0x0 c:/program files (x86)/atmel/studio/7.0/toolchain/arm/arm-gnu-toolchain/bin/../lib/gcc/arm-none-eabi/6.3.1/thumb/v6-m/crtbegin.o

.igot.plt       0x00000a64        0x0
 .igot.plt      0x00000a64        0x0 c:/program files (x86)/atmel/studio/7.0/toolchain/arm/arm-gnu-toolchain/bin/../lib/gcc/arm-none-eabi/6.3.1/thumb/v6-m/crtbegin.o

.ARM.exidx
 *(.ARM.exidx* .gnu.linkonce.armexidx.*)
                [!provide]                PROVIDE (__exidx_end, .)
                0x00000a64                . = ALIGN (0x4)
                0x00000a64                _etext = .

.relocate       0x20000000        0x4 load address 0x00000a64
                0x20000000                . = ALIGN (0x4)
                0x20000000                _srelocate = .
 *(.ramfunc .ramfunc.*)
 *(.data .data.*)
 .data.g_interrupt_enabled
                0x20000000        0x1 src/ASF/common/utils/interrupt/interrupt_sam_nvic.o
                0x20000000                g_interrupt_enabled
                0x20000004                . = ALIGN (0x4)
 *fill*         0x20000001        0x3 
                0x20000004                _erelocate = .

.bss            0x20000004       0x84 load address 0x00000a68
                0x20000004                . = ALIGN (0x4)
                0x20000004                _sbss = .
                0x20000004                _szero = .
 *(.bss .bss.*)
 .bss           0x20000004       0x1c c:/program files (x86)/atmel/studio/7.0/toolchain/arm/arm-gnu-toolchain/bin/../lib/gcc/arm-none-eabi/6.3.1/thumb/v6-m/crtbegin.o
 .bss.cpu_irq_critical_section_counter
                0x20000020        0x4 src/ASF/common/utils/interrupt/interrupt_sam_nvic.o
 .bss.cpu_irq_prev_interrupt_state
                0x20000024        0x1 src/ASF/common/utils/interrupt/interrupt_sam_nvic.o
 *fill*         0x20000025        0x3 
 .bss._system_clock_inst
                0x20000028       0x18 src/ASF/sam0/drivers/system/clock/clock_samd21_r21_da_ha1/clock.o
 *(COMMON)
 COMMON         0x20000040        0x1 src/ASF/sam0/drivers/extint/extint_callback.o
                0x20000040                _current_channel
 *fill*         0x20000041        0x3 
 COMMON         0x20000044       0x40 src/ASF/sam0/drivers/extint/extint_sam_d_r_h/extint.o
                0x20000044                _extint_dev
 COMMON         0x20000084        0x1 src/led-driver.o
                0x20000084                ledValue
                0x20000088                . = ALIGN (0x4)
 *fill*         0x20000085        0x3 
                0x20000088                _ebss = .
                0x20000088                _ezero = .

.stack          0x20000088     0x2000 load address 0x00000aec
                0x20000088                . = ALIGN (0x8)
                0x20000088                _sstack = .
                0x20002088                . = (. + STACK_SIZE)
 *fill*         0x20000088     0x2000 
                0x20002088                . = ALIGN (0x8)
                0x20002088                _estack = .
                0x20002088                . = ALIGN (0x4)
                0x20002088                _end = .
OUTPUT(Project.elf elf32-littlearm)

.ARM.attributes
                0x00000000       0x28
 .ARM.attributes
                0x00000000       0x1e c:/program files (x86)/atmel/studio/7.0/toolchain/arm/arm-gnu-toolchain/bin/../lib/gcc/arm-none-eabi/6.3.1/thumb/v6-m/crti.o
 .ARM.attributes
                0x0000001e       0x2c c:/program files (x86)/atmel/studio/7.0/toolchain/arm/arm-gnu-toolchain/bin/../lib/gcc/arm-none-eabi/6.3.1/thumb/v6-m/crtbegin.o
 .ARM.attributes
                0x0000004a       0x32 src/ASF/sam0/drivers/extint/extint_callback.o
 .ARM.attributes
                0x0000007c       0x32 src/ASF/sam0/drivers/extint/extint_sam_d_r_h/extint.o
 .ARM.attributes
                0x000000ae       0x32 src/ASF/common/utils/interrupt/interrupt_sam_nvic.o
 .ARM.attributes
                0x000000e0       0x32 src/ASF/sam0/boards/samd21_xplained_pro/board_init.o
 .ARM.attributes
                0x00000112       0x32 src/ASF/sam0/drivers/port/port.o
 .ARM.attributes
                0x00000144       0x32 src/ASF/sam0/drivers/system/clock/clock_samd21_r21_da_ha1/clock.o
 .ARM.attributes
                0x00000176       0x32 src/ASF/sam0/drivers/system/clock/clock_samd21_r21_da_ha1/gclk.o
 .ARM.attributes
                0x000001a8       0x32 src/ASF/sam0/drivers/system/pinmux/pinmux.o
 .ARM.attributes
                0x000001da       0x32 src/ASF/sam0/drivers/system/system.o
 .ARM.attributes
                0x0000020c       0x32 src/ASF/sam0/utils/cmsis/samd21/source/gcc/startup_samd21.o
 .ARM.attributes
                0x0000023e       0x32 src/led-driver.o
 .ARM.attributes
                0x00000270       0x32 src/main.o
 .ARM.attributes
                0x000002a2       0x2c c:/program files (x86)/atmel/studio/7.0/toolchain/arm/arm-gnu-toolchain/bin/../lib/gcc/arm-none-eabi/6.3.1/../../../../arm-none-eabi/lib/thumb/v6-m\libc_nano.a(lib_a-init.o)
 .ARM.attributes
                0x000002ce       0x1e c:/program files (x86)/atmel/studio/7.0/toolchain/arm/arm-gnu-toolchain/bin/../lib/gcc/arm-none-eabi/6.3.1/thumb/v6-m/crtn.o

.comment        0x00000000       0x59
 .comment       0x00000000       0x59 src/ASF/sam0/drivers/extint/extint_callback.o
                                 0x5a (size before relaxing)
 .comment       0x00000059       0x5a src/ASF/sam0/drivers/extint/extint_sam_d_r_h/extint.o
 .comment       0x00000059       0x5a src/ASF/common/utils/interrupt/interrupt_sam_nvic.o
 .comment       0x00000059       0x5a src/ASF/sam0/boards/samd21_xplained_pro/board_init.o
 .comment       0x00000059       0x5a src/ASF/sam0/drivers/port/port.o
 .comment       0x00000059       0x5a src/ASF/sam0/drivers/system/clock/clock_samd21_r21_da_ha1/clock.o
 .comment       0x00000059       0x5a src/ASF/sam0/drivers/system/clock/clock_samd21_r21_da_ha1/gclk.o
 .comment       0x00000059       0x5a src/ASF/sam0/drivers/system/pinmux/pinmux.o
 .comment       0x00000059       0x5a src/ASF/sam0/drivers/system/system.o
 .comment       0x00000059       0x5a src/ASF/sam0/utils/cmsis/samd21/source/gcc/startup_samd21.o
 .comment       0x00000059       0x5a src/led-driver.o
 .comment       0x00000059       0x5a src/main.o

.debug_info     0x00000000    0x14d1b
 .debug_info    0x00000000     0x19a7 src/ASF/sam0/drivers/extint/extint_callback.o
 .debug_info    0x000019a7     0x2b17 src/ASF/sam0/drivers/extint/extint_sam_d_r_h/extint.o
 .debug_info    0x000044be      0xb05 src/ASF/common/utils/interrupt/interrupt_sam_nvic.o
 .debug_info    0x00004fc3     0x12ad src/ASF/sam0/boards/samd21_xplained_pro/board_init.o
 .debug_info    0x00006270     0x12b6 src/ASF/sam0/drivers/port/port.o
 .debug_info    0x00007526     0x37aa src/ASF/sam0/drivers/system/clock/clock_samd21_r21_da_ha1/clock.o
 .debug_info    0x0000acd0     0x1ec7 src/ASF/sam0/drivers/system/clock/clock_samd21_r21_da_ha1/gclk.o
 .debug_info    0x0000cb97     0x13f3 src/ASF/sam0/drivers/system/pinmux/pinmux.o
 .debug_info    0x0000df8a      0xa73 src/ASF/sam0/drivers/system/system.o
 .debug_info    0x0000e9fd     0x3a3f src/ASF/sam0/utils/cmsis/samd21/source/gcc/startup_samd21.o
 .debug_info    0x0001243c     0x14b2 src/led-driver.o
 .debug_info    0x000138ee     0x142d src/main.o

.debug_abbrev   0x00000000     0x25d5
 .debug_abbrev  0x00000000      0x333 src/ASF/sam0/drivers/extint/extint_callback.o
 .debug_abbrev  0x00000333      0x4b4 src/ASF/sam0/drivers/extint/extint_sam_d_r_h/extint.o
 .debug_abbrev  0x000007e7      0x23b src/ASF/common/utils/interrupt/interrupt_sam_nvic.o
 .debug_abbrev  0x00000a22      0x2dc src/ASF/sam0/boards/samd21_xplained_pro/board_init.o
 .debug_abbrev  0x00000cfe      0x298 src/ASF/sam0/drivers/port/port.o
 .debug_abbrev  0x00000f96      0x465 src/ASF/sam0/drivers/system/clock/clock_samd21_r21_da_ha1/clock.o
 .debug_abbrev  0x000013fb      0x40d src/ASF/sam0/drivers/system/clock/clock_samd21_r21_da_ha1/gclk.o
 .debug_abbrev  0x00001808      0x361 src/ASF/sam0/drivers/system/pinmux/pinmux.o
 .debug_abbrev  0x00001b69      0x1e1 src/ASF/sam0/drivers/system/system.o
 .debug_abbrev  0x00001d4a      0x234 src/ASF/sam0/utils/cmsis/samd21/source/gcc/startup_samd21.o
 .debug_abbrev  0x00001f7e      0x308 src/led-driver.o
 .debug_abbrev  0x00002286      0x34f src/main.o

.debug_loc      0x00000000     0x2335
 .debug_loc     0x00000000      0x2ac src/ASF/sam0/drivers/extint/extint_callback.o
 .debug_loc     0x000002ac      0x43d src/ASF/sam0/drivers/extint/extint_sam_d_r_h/extint.o
 .debug_loc     0x000006e9       0x8b src/ASF/sam0/boards/samd21_xplained_pro/board_init.o
 .debug_loc     0x00000774      0x13d src/ASF/sam0/drivers/port/port.o
 .debug_loc     0x000008b1      0xec7 src/ASF/sam0/drivers/system/clock/clock_samd21_r21_da_ha1/clock.o
 .debug_loc     0x00001778      0x504 src/ASF/sam0/drivers/system/clock/clock_samd21_r21_da_ha1/gclk.o
 .debug_loc     0x00001c7c      0x36d src/ASF/sam0/drivers/system/pinmux/pinmux.o
 .debug_loc     0x00001fe9       0x20 src/ASF/sam0/drivers/system/system.o
 .debug_loc     0x00002009       0x40 src/ASF/sam0/utils/cmsis/samd21/source/gcc/startup_samd21.o
 .debug_loc     0x00002049      0x236 src/led-driver.o
 .debug_loc     0x0000227f       0xb6 src/main.o

.debug_aranges  0x00000000      0x300
 .debug_aranges
                0x00000000       0x48 src/ASF/sam0/drivers/extint/extint_callback.o
 .debug_aranges
                0x00000048       0x50 src/ASF/sam0/drivers/extint/extint_sam_d_r_h/extint.o
 .debug_aranges
                0x00000098       0x28 src/ASF/common/utils/interrupt/interrupt_sam_nvic.o
 .debug_aranges
                0x000000c0       0x20 src/ASF/sam0/boards/samd21_xplained_pro/board_init.o
 .debug_aranges
                0x000000e0       0x28 src/ASF/sam0/drivers/port/port.o
 .debug_aranges
                0x00000108       0x78 src/ASF/sam0/drivers/system/clock/clock_samd21_r21_da_ha1/clock.o
 .debug_aranges
                0x00000180       0x80 src/ASF/sam0/drivers/system/clock/clock_samd21_r21_da_ha1/gclk.o
 .debug_aranges
                0x00000200       0x40 src/ASF/sam0/drivers/system/pinmux/pinmux.o
 .debug_aranges
                0x00000240       0x28 src/ASF/sam0/drivers/system/system.o
 .debug_aranges
                0x00000268       0x28 src/ASF/sam0/utils/cmsis/samd21/source/gcc/startup_samd21.o
 .debug_aranges
                0x00000290       0x38 src/led-driver.o
 .debug_aranges
                0x000002c8       0x38 src/main.o

.debug_ranges   0x00000000      0x2c8
 .debug_ranges  0x00000000       0x90 src/ASF/sam0/drivers/extint/extint_callback.o
 .debug_ranges  0x00000090       0x40 src/ASF/sam0/drivers/extint/extint_sam_d_r_h/extint.o
 .debug_ranges  0x000000d0       0x18 src/ASF/common/utils/interrupt/interrupt_sam_nvic.o
 .debug_ranges  0x000000e8       0x10 src/ASF/sam0/boards/samd21_xplained_pro/board_init.o
 .debug_ranges  0x000000f8       0x18 src/ASF/sam0/drivers/port/port.o
 .debug_ranges  0x00000110       0x68 src/ASF/sam0/drivers/system/clock/clock_samd21_r21_da_ha1/clock.o
 .debug_ranges  0x00000178       0x88 src/ASF/sam0/drivers/system/clock/clock_samd21_r21_da_ha1/gclk.o
 .debug_ranges  0x00000200       0x30 src/ASF/sam0/drivers/system/pinmux/pinmux.o
 .debug_ranges  0x00000230       0x18 src/ASF/sam0/drivers/system/system.o
 .debug_ranges  0x00000248       0x18 src/ASF/sam0/utils/cmsis/samd21/source/gcc/startup_samd21.o
 .debug_ranges  0x00000260       0x40 src/led-driver.o
 .debug_ranges  0x000002a0       0x28 src/main.o

.debug_macro    0x00000000    0x18f1a
 .debug_macro   0x00000000      0x544 src/ASF/sam0/drivers/extint/extint_callback.o
 .debug_macro   0x00000544      0x8b6 src/ASF/sam0/drivers/extint/extint_callback.o
 .debug_macro   0x00000dfa      0x16d src/ASF/sam0/drivers/extint/extint_callback.o
 .debug_macro   0x00000f67      0x708 src/ASF/sam0/drivers/extint/extint_callback.o
 .debug_macro   0x0000166f       0x22 src/ASF/sam0/drivers/extint/extint_callback.o
 .debug_macro   0x00001691       0x87 src/ASF/sam0/drivers/extint/extint_callback.o
 .debug_macro   0x00001718       0x51 src/ASF/sam0/drivers/extint/extint_callback.o
 .debug_macro   0x00001769       0xef src/ASF/sam0/drivers/extint/extint_callback.o
 .debug_macro   0x00001858       0x6a src/ASF/sam0/drivers/extint/extint_callback.o
 .debug_macro   0x000018c2      0x1df src/ASF/sam0/drivers/extint/extint_callback.o
 .debug_macro   0x00001aa1       0x10 src/ASF/sam0/drivers/extint/extint_callback.o
 .debug_macro   0x00001ab1       0x76 src/ASF/sam0/drivers/extint/extint_callback.o
 .debug_macro   0x00001b27       0x16 src/ASF/sam0/drivers/extint/extint_callback.o
 .debug_macro   0x00001b3d      0x6db src/ASF/sam0/drivers/extint/extint_callback.o
 .debug_macro   0x00002218      0xdd8 src/ASF/sam0/drivers/extint/extint_callback.o
 .debug_macro   0x00002ff0       0x22 src/ASF/sam0/drivers/extint/extint_callback.o
 .debug_macro   0x00003012       0x40 src/ASF/sam0/drivers/extint/extint_callback.o
 .debug_macro   0x00003052       0x1c src/ASF/sam0/drivers/extint/extint_callback.o
 .debug_macro   0x0000306e       0x22 src/ASF/sam0/drivers/extint/extint_callback.o
 .debug_macro   0x00003090       0xb5 src/ASF/sam0/drivers/extint/extint_callback.o
 .debug_macro   0x00003145      0x3ad src/ASF/sam0/drivers/extint/extint_callback.o
 .debug_macro   0x000034f2      0x681 src/ASF/sam0/drivers/extint/extint_callback.o
 .debug_macro   0x00003b73      0x8b5 src/ASF/sam0/drivers/extint/extint_callback.o
 .debug_macro   0x00004428      0x230 src/ASF/sam0/drivers/extint/extint_callback.o
 .debug_macro   0x00004658      0xd60 src/ASF/sam0/drivers/extint/extint_callback.o
 .debug_macro   0x000053b8      0x4cb src/ASF/sam0/drivers/extint/extint_callback.o
 .debug_macro   0x00005883      0x9f8 src/ASF/sam0/drivers/extint/extint_callback.o
 .debug_macro   0x0000627b      0x82b src/ASF/sam0/drivers/extint/extint_callback.o
 .debug_macro   0x00006aa6      0x455 src/ASF/sam0/drivers/extint/extint_callback.o
 .debug_macro   0x00006efb       0x5e src/ASF/sam0/drivers/extint/extint_callback.o
 .debug_macro   0x00006f59      0x8fd src/ASF/sam0/drivers/extint/extint_callback.o
 .debug_macro   0x00007856      0x21c src/ASF/sam0/drivers/extint/extint_callback.o
 .debug_macro   0x00007a72      0x95b src/ASF/sam0/drivers/extint/extint_callback.o
 .debug_macro   0x000083cd       0x5e src/ASF/sam0/drivers/extint/extint_callback.o
 .debug_macro   0x0000842b      0x667 src/ASF/sam0/drivers/extint/extint_callback.o
 .debug_macro   0x00008a92      0x3af src/ASF/sam0/drivers/extint/extint_callback.o
 .debug_macro   0x00008e41      0xc7a src/ASF/sam0/drivers/extint/extint_callback.o
 .debug_macro   0x00009abb     0x1092 src/ASF/sam0/drivers/extint/extint_callback.o
 .debug_macro   0x0000ab4d      0xc4a src/ASF/sam0/drivers/extint/extint_callback.o
 .debug_macro   0x0000b797      0x6ba src/ASF/sam0/drivers/extint/extint_callback.o
 .debug_macro   0x0000be51     0x1bbf src/ASF/sam0/drivers/extint/extint_callback.o
 .debug_macro   0x0000da10     0x1440 src/ASF/sam0/drivers/extint/extint_callback.o
 .debug_macro   0x0000ee50      0x344 src/ASF/sam0/drivers/extint/extint_callback.o
 .debug_macro   0x0000f194       0x7c src/ASF/sam0/drivers/extint/extint_callback.o
 .debug_macro   0x0000f210       0xa0 src/ASF/sam0/drivers/extint/extint_callback.o
 .debug_macro   0x0000f2b0       0x4c src/ASF/sam0/drivers/extint/extint_callback.o
 .debug_macro   0x0000f2fc       0xca src/ASF/sam0/drivers/extint/extint_callback.o
 .debug_macro   0x0000f3c6       0x94 src/ASF/sam0/drivers/extint/extint_callback.o
 .debug_macro   0x0000f45a       0x58 src/ASF/sam0/drivers/extint/extint_callback.o
 .debug_macro   0x0000f4b2      0x37d src/ASF/sam0/drivers/extint/extint_callback.o
 .debug_macro   0x0000f82f       0x82 src/ASF/sam0/drivers/extint/extint_callback.o
 .debug_macro   0x0000f8b1      0x18d src/ASF/sam0/drivers/extint/extint_callback.o
 .debug_macro   0x0000fa3e       0xb8 src/ASF/sam0/drivers/extint/extint_callback.o
 .debug_macro   0x0000faf6       0xa0 src/ASF/sam0/drivers/extint/extint_callback.o
 .debug_macro   0x0000fb96       0xb8 src/ASF/sam0/drivers/extint/extint_callback.o
 .debug_macro   0x0000fc4e       0x1c src/ASF/sam0/drivers/extint/extint_callback.o
 .debug_macro   0x0000fc6a       0x1c src/ASF/sam0/drivers/extint/extint_callback.o
 .debug_macro   0x0000fc86       0x1c src/ASF/sam0/drivers/extint/extint_callback.o
 .debug_macro   0x0000fca2       0x82 src/ASF/sam0/drivers/extint/extint_callback.o
 .debug_macro   0x0000fd24      0x15a src/ASF/sam0/drivers/extint/extint_callback.o
 .debug_macro   0x0000fe7e       0xdc src/ASF/sam0/drivers/extint/extint_callback.o
 .debug_macro   0x0000ff5a      0x128 src/ASF/sam0/drivers/extint/extint_callback.o
 .debug_macro   0x00010082      0x128 src/ASF/sam0/drivers/extint/extint_callback.o
 .debug_macro   0x000101aa      0x128 src/ASF/sam0/drivers/extint/extint_callback.o
 .debug_macro   0x000102d2      0x128 src/ASF/sam0/drivers/extint/extint_callback.o
 .debug_macro   0x000103fa      0x128 src/ASF/sam0/drivers/extint/extint_callback.o
 .debug_macro   0x00010522      0x128 src/ASF/sam0/drivers/extint/extint_callback.o
 .debug_macro   0x0001064a      0x124 src/ASF/sam0/drivers/extint/extint_callback.o
 .debug_macro   0x0001076e       0xe2 src/ASF/sam0/drivers/extint/extint_callback.o
 .debug_macro   0x00010850       0xe2 src/ASF/sam0/drivers/extint/extint_callback.o
 .debug_macro   0x00010932       0xe2 src/ASF/sam0/drivers/extint/extint_callback.o
 .debug_macro   0x00010a14       0xe2 src/ASF/sam0/drivers/extint/extint_callback.o
 .debug_macro   0x00010af6       0xe2 src/ASF/sam0/drivers/extint/extint_callback.o
 .debug_macro   0x00010bd8      0x130 src/ASF/sam0/drivers/extint/extint_callback.o
 .debug_macro   0x00010d08      0x106 src/ASF/sam0/drivers/extint/extint_callback.o
 .debug_macro   0x00010e0e       0xfa src/ASF/sam0/drivers/extint/extint_callback.o
 .debug_macro   0x00010f08      0x40f src/ASF/sam0/drivers/extint/extint_callback.o
 .debug_macro   0x00011317       0x40 src/ASF/sam0/drivers/extint/extint_callback.o
 .debug_macro   0x00011357      0x37d src/ASF/sam0/drivers/extint/extint_callback.o
 .debug_macro   0x000116d4     0x1e52 src/ASF/sam0/drivers/extint/extint_callback.o
 .debug_macro   0x00013526       0x6d src/ASF/sam0/drivers/extint/extint_callback.o
 .debug_macro   0x00013593       0x58 src/ASF/sam0/drivers/extint/extint_callback.o
 .debug_macro   0x000135eb       0x35 src/ASF/sam0/drivers/extint/extint_callback.o
 .debug_macro   0x00013620       0x9c src/ASF/sam0/drivers/extint/extint_callback.o
 .debug_macro   0x000136bc       0x16 src/ASF/sam0/drivers/extint/extint_callback.o
 .debug_macro   0x000136d2       0x35 src/ASF/sam0/drivers/extint/extint_callback.o
 .debug_macro   0x00013707      0x34d src/ASF/sam0/drivers/extint/extint_callback.o
 .debug_macro   0x00013a54       0x10 src/ASF/sam0/drivers/extint/extint_callback.o
 .debug_macro   0x00013a64       0x58 src/ASF/sam0/drivers/extint/extint_callback.o
 .debug_macro   0x00013abc       0x1f src/ASF/sam0/drivers/extint/extint_callback.o
 .debug_macro   0x00013adb       0x43 src/ASF/sam0/drivers/extint/extint_callback.o
 .debug_macro   0x00013b1e       0x20 src/ASF/sam0/drivers/extint/extint_callback.o
 .debug_macro   0x00013b3e      0x187 src/ASF/sam0/drivers/extint/extint_callback.o
 .debug_macro   0x00013cc5       0x10 src/ASF/sam0/drivers/extint/extint_callback.o
 .debug_macro   0x00013cd5       0x1c src/ASF/sam0/drivers/extint/extint_callback.o
 .debug_macro   0x00013cf1       0x52 src/ASF/sam0/drivers/extint/extint_callback.o
 .debug_macro   0x00013d43       0x40 src/ASF/sam0/drivers/extint/extint_callback.o
 .debug_macro   0x00013d83       0x10 src/ASF/sam0/drivers/extint/extint_callback.o
 .debug_macro   0x00013d93       0x40 src/ASF/sam0/drivers/extint/extint_callback.o
 .debug_macro   0x00013dd3       0xd7 src/ASF/sam0/drivers/extint/extint_callback.o
 .debug_macro   0x00013eaa       0x16 src/ASF/sam0/drivers/extint/extint_callback.o
 .debug_macro   0x00013ec0      0x18b src/ASF/sam0/drivers/extint/extint_callback.o
 .debug_macro   0x0001404b       0x16 src/ASF/sam0/drivers/extint/extint_callback.o
 .debug_macro   0x00014061       0x16 src/ASF/sam0/drivers/extint/extint_callback.o
 .debug_macro   0x00014077       0x29 src/ASF/sam0/drivers/extint/extint_callback.o
 .debug_macro   0x000140a0       0x51 src/ASF/sam0/drivers/extint/extint_callback.o
 .debug_macro   0x000140f1       0x3e src/ASF/sam0/drivers/extint/extint_callback.o
 .debug_macro   0x0001412f      0x3df src/ASF/sam0/drivers/extint/extint_callback.o
 .debug_macro   0x0001450e       0x18 src/ASF/sam0/drivers/extint/extint_callback.o
 .debug_macro   0x00014526       0x19 src/ASF/sam0/drivers/extint/extint_callback.o
 .debug_macro   0x0001453f      0x59e src/ASF/sam0/drivers/extint/extint_sam_d_r_h/extint.o
 .debug_macro   0x00014add       0x11 src/ASF/sam0/drivers/extint/extint_sam_d_r_h/extint.o
 .debug_macro   0x00014aee       0x16 src/ASF/sam0/drivers/extint/extint_sam_d_r_h/extint.o
 .debug_macro   0x00014b04       0x2e src/ASF/sam0/drivers/extint/extint_sam_d_r_h/extint.o
 .debug_macro   0x00014b32       0x1f src/ASF/sam0/drivers/extint/extint_sam_d_r_h/extint.o
 .debug_macro   0x00014b51       0x16 src/ASF/sam0/drivers/extint/extint_sam_d_r_h/extint.o
 .debug_macro   0x00014b67      0x51f src/ASF/common/utils/interrupt/interrupt_sam_nvic.o
 .debug_macro   0x00015086      0x55b src/ASF/sam0/boards/samd21_xplained_pro/board_init.o
 .debug_macro   0x000155e1      0x2d8 src/ASF/sam0/boards/samd21_xplained_pro/board_init.o
 .debug_macro   0x000158b9      0x9f4 src/ASF/sam0/boards/samd21_xplained_pro/board_init.o
 .debug_macro   0x000162ad       0x12 src/ASF/sam0/boards/samd21_xplained_pro/board_init.o
 .debug_macro   0x000162bf      0x539 src/ASF/sam0/drivers/port/port.o
 .debug_macro   0x000167f8      0x590 src/ASF/sam0/drivers/system/clock/clock_samd21_r21_da_ha1/clock.o
 .debug_macro   0x00016d88      0x298 src/ASF/sam0/drivers/system/clock/clock_samd21_r21_da_ha1/clock.o
 .debug_macro   0x00017020      0x555 src/ASF/sam0/drivers/system/clock/clock_samd21_r21_da_ha1/gclk.o
 .debug_macro   0x00017575      0x52f src/ASF/sam0/drivers/system/pinmux/pinmux.o
 .debug_macro   0x00017aa4       0x12 src/ASF/sam0/drivers/system/pinmux/pinmux.o
 .debug_macro   0x00017ab6      0x562 src/ASF/sam0/drivers/system/system.o
 .debug_macro   0x00018018      0x306 src/ASF/sam0/utils/cmsis/samd21/source/gcc/startup_samd21.o
 .debug_macro   0x0001831e       0x3a src/ASF/sam0/utils/cmsis/samd21/source/gcc/startup_samd21.o
 .debug_macro   0x00018358      0x5d5 src/led-driver.o
 .debug_macro   0x0001892d       0x18 src/led-driver.o
 .debug_macro   0x00018945      0x5d5 src/main.o

.debug_line     0x00000000     0x7cc2
 .debug_line    0x00000000      0x9ed src/ASF/sam0/drivers/extint/extint_callback.o
 .debug_line    0x000009ed      0xc4d src/ASF/sam0/drivers/extint/extint_sam_d_r_h/extint.o
 .debug_line    0x0000163a      0x8e5 src/ASF/common/utils/interrupt/interrupt_sam_nvic.o
 .debug_line    0x00001f1f      0x992 src/ASF/sam0/boards/samd21_xplained_pro/board_init.o
 .debug_line    0x000028b1      0x917 src/ASF/sam0/drivers/port/port.o
 .debug_line    0x000031c8      0xc6d src/ASF/sam0/drivers/system/clock/clock_samd21_r21_da_ha1/clock.o
 .debug_line    0x00003e35      0xc93 src/ASF/sam0/drivers/system/clock/clock_samd21_r21_da_ha1/gclk.o
 .debug_line    0x00004ac8      0x964 src/ASF/sam0/drivers/system/pinmux/pinmux.o
 .debug_line    0x0000542c      0xa0e src/ASF/sam0/drivers/system/system.o
 .debug_line    0x00005e3a      0x669 src/ASF/sam0/utils/cmsis/samd21/source/gcc/startup_samd21.o
 .debug_line    0x000064a3      0xc22 src/led-driver.o
 .debug_line    0x000070c5      0xbfd src/main.o

.debug_str      0x00000000    0x8c75c
 .debug_str     0x00000000    0x83bb2 src/ASF/sam0/drivers/extint/extint_callback.o
                              0x84502 (size before relaxing)
 .debug_str     0x00083bb2     0x1135 src/ASF/sam0/drivers/extint/extint_sam_d_r_h/extint.o
                              0x85555 (size before relaxing)
 .debug_str     0x00084ce7       0x94 src/ASF/common/utils/interrupt/interrupt_sam_nvic.o
                              0x83cbf (size before relaxing)
 .debug_str     0x00084d7b     0x3d16 src/ASF/sam0/boards/samd21_xplained_pro/board_init.o
                              0x87a11 (size before relaxing)
 .debug_str     0x00088a91       0x5e src/ASF/sam0/drivers/port/port.o
                              0x840eb (size before relaxing)
 .debug_str     0x00088aef     0x280c src/ASF/sam0/drivers/system/clock/clock_samd21_r21_da_ha1/clock.o
                              0x86e58 (size before relaxing)
 .debug_str     0x0008b2fb      0x229 src/ASF/sam0/drivers/system/clock/clock_samd21_r21_da_ha1/gclk.o
                              0x84982 (size before relaxing)
 .debug_str     0x0008b524      0x179 src/ASF/sam0/drivers/system/pinmux/pinmux.o
                              0x84161 (size before relaxing)
 .debug_str     0x0008b69d       0x47 src/ASF/sam0/drivers/system/system.o
                              0x83d9c (size before relaxing)
 .debug_str     0x0008b6e4      0xf36 src/ASF/sam0/utils/cmsis/samd21/source/gcc/startup_samd21.o
                              0x6edc3 (size before relaxing)
 .debug_str     0x0008c61a       0x91 src/led-driver.o
                              0x87e4f (size before relaxing)
 .debug_str     0x0008c6ab       0xb1 src/main.o
                              0x87e34 (size before relaxing)

.debug_frame    0x00000000      0x66c
 .debug_frame   0x00000000       0x7c src/ASF/sam0/drivers/extint/extint_callback.o
 .debug_frame   0x0000007c       0xb8 src/ASF/sam0/drivers/extint/extint_sam_d_r_h/extint.o
 .debug_frame   0x00000134       0x30 src/ASF/common/utils/interrupt/interrupt_sam_nvic.o
 .debug_frame   0x00000164       0x30 src/ASF/sam0/boards/samd21_xplained_pro/board_init.o
 .debug_frame   0x00000194       0x44 src/ASF/sam0/drivers/port/port.o
 .debug_frame   0x000001d8      0x14c src/ASF/sam0/drivers/system/clock/clock_samd21_r21_da_ha1/clock.o
 .debug_frame   0x00000324      0x148 src/ASF/sam0/drivers/system/clock/clock_samd21_r21_da_ha1/gclk.o
 .debug_frame   0x0000046c       0x98 src/ASF/sam0/drivers/system/pinmux/pinmux.o
 .debug_frame   0x00000504       0x38 src/ASF/sam0/drivers/system/system.o
 .debug_frame   0x0000053c       0x40 src/ASF/sam0/utils/cmsis/samd21/source/gcc/startup_samd21.o
 .debug_frame   0x0000057c       0x50 src/led-driver.o
 .debug_frame   0x000005cc       0x74 src/main.o
 .debug_frame   0x00000640       0x2c c:/program files (x86)/atmel/studio/7.0/toolchain/arm/arm-gnu-toolchain/bin/../lib/gcc/arm-none-eabi/6.3.1/../../../../arm-none-eabi/lib/thumb/v6-m\libc_nano.a(lib_a-init.o)

Cross Reference Table

Symbol                                            File
AC_Handler                                        src/ASF/sam0/utils/cmsis/samd21/source/gcc/startup_samd21.o
ADC_Handler                                       src/ASF/sam0/utils/cmsis/samd21/source/gcc/startup_samd21.o
DAC_Handler                                       src/ASF/sam0/utils/cmsis/samd21/source/gcc/startup_samd21.o
DMAC_Handler                                      src/ASF/sam0/utils/cmsis/samd21/source/gcc/startup_samd21.o
Dummy_Handler                                     src/ASF/sam0/utils/cmsis/samd21/source/gcc/startup_samd21.o
EIC_Handler                                       src/ASF/sam0/drivers/extint/extint_callback.o
EVSYS_Handler                                     src/ASF/sam0/utils/cmsis/samd21/source/gcc/startup_samd21.o
HardFault_Handler                                 src/ASF/sam0/utils/cmsis/samd21/source/gcc/startup_samd21.o
I2S_Handler                                       src/ASF/sam0/utils/cmsis/samd21/source/gcc/startup_samd21.o
NMI_Handler                                       src/ASF/sam0/utils/cmsis/samd21/source/gcc/startup_samd21.o
NVMCTRL_Handler                                   src/ASF/sam0/utils/cmsis/samd21/source/gcc/startup_samd21.o
PM_Handler                                        src/ASF/sam0/utils/cmsis/samd21/source/gcc/startup_samd21.o
PTC_Handler                                       src/ASF/sam0/utils/cmsis/samd21/source/gcc/startup_samd21.o
PendSV_Handler                                    src/ASF/sam0/utils/cmsis/samd21/source/gcc/startup_samd21.o
RTC_Handler                                       src/ASF/sam0/utils/cmsis/samd21/source/gcc/startup_samd21.o
Reset_Handler                                     src/ASF/sam0/utils/cmsis/samd21/source/gcc/startup_samd21.o
SERCOM0_Handler                                   src/ASF/sam0/utils/cmsis/samd21/source/gcc/startup_samd21.o
SERCOM1_Handler                                   src/ASF/sam0/utils/cmsis/samd21/source/gcc/startup_samd21.o
SERCOM2_Handler                                   src/ASF/sam0/utils/cmsis/samd21/source/gcc/startup_samd21.o
SERCOM3_Handler                                   src/ASF/sam0/utils/cmsis/samd21/source/gcc/startup_samd21.o
SERCOM4_Handler                                   src/ASF/sam0/utils/cmsis/samd21/source/gcc/startup_samd21.o
SERCOM5_Handler                                   src/ASF/sam0/utils/cmsis/samd21/source/gcc/startup_samd21.o
SVC_Handler                                       src/ASF/sam0/utils/cmsis/samd21/source/gcc/startup_samd21.o
SYSCTRL_Handler                                   src/ASF/sam0/utils/cmsis/samd21/source/gcc/startup_samd21.o
SysTick_Handler                                   src/ASF/sam0/utils/cmsis/samd21/source/gcc/startup_samd21.o
SystemCoreClock                                   src/ASF/sam0/utils/cmsis/samd21/source/system_samd21.o
SystemCoreClockUpdate                             src/ASF/sam0/utils/cmsis/samd21/source/system_samd21.o
SystemInit                                        src/ASF/sam0/utils/cmsis/samd21/source/system_samd21.o
TC3_Handler                                       src/ASF/sam0/utils/cmsis/samd21/source/gcc/startup_samd21.o
TC4_Handler                                       src/ASF/sam0/utils/cmsis/samd21/source/gcc/startup_samd21.o
TC5_Handler                                       src/ASF/sam0/utils/cmsis/samd21/source/gcc/startup_samd21.o
TC6_Handler                                       src/ASF/sam0/utils/cmsis/samd21/source/gcc/startup_samd21.o
TC7_Handler                                       src/ASF/sam0/utils/cmsis/samd21/source/gcc/startup_samd21.o
TCC0_Handler                                      src/ASF/sam0/utils/cmsis/samd21/source/gcc/startup_samd21.o
TCC1_Handler                                      src/ASF/sam0/utils/cmsis/samd21/source/gcc/startup_samd21.o
TCC2_Handler                                      src/ASF/sam0/utils/cmsis/samd21/source/gcc/startup_samd21.o
USB_Handler                                       src/ASF/sam0/utils/cmsis/samd21/source/gcc/startup_samd21.o
WDT_Handler                                       src/ASF/sam0/utils/cmsis/samd21/source/gcc/startup_samd21.o
_Jv_RegisterClasses                               c:/program files (x86)/atmel/studio/7.0/toolchain/arm/arm-gnu-toolchain/bin/../lib/gcc/arm-none-eabi/6.3.1/thumb/v6-m/crtbegin.o
__aeabi_idiv0                                     c:/program files (x86)/atmel/studio/7.0/toolchain/arm/arm-gnu-toolchain/bin/../lib/gcc/arm-none-eabi/6.3.1/thumb/v6-m\libgcc.a(_dvmd_tls.o)
                                                  c:/program files (x86)/atmel/studio/7.0/toolchain/arm/arm-gnu-toolchain/bin/../lib/gcc/arm-none-eabi/6.3.1/thumb/v6-m\libgcc.a(_udivsi3.o)
__aeabi_ldiv0                                     c:/program files (x86)/atmel/studio/7.0/toolchain/arm/arm-gnu-toolchain/bin/../lib/gcc/arm-none-eabi/6.3.1/thumb/v6-m\libgcc.a(_dvmd_tls.o)
__aeabi_uidiv                                     c:/program files (x86)/atmel/studio/7.0/toolchain/arm/arm-gnu-toolchain/bin/../lib/gcc/arm-none-eabi/6.3.1/thumb/v6-m\libgcc.a(_udivsi3.o)
                                                  src/ASF/sam0/drivers/system/clock/clock_samd21_r21_da_ha1/gclk.o
                                                  src/ASF/sam0/drivers/system/clock/clock_samd21_r21_da_ha1/clock.o
__aeabi_uidivmod                                  c:/program files (x86)/atmel/studio/7.0/toolchain/arm/arm-gnu-toolchain/bin/../lib/gcc/arm-none-eabi/6.3.1/thumb/v6-m\libgcc.a(_udivsi3.o)
__bss_end__                                       c:/program files (x86)/atmel/studio/7.0/toolchain/arm/arm-gnu-toolchain/bin/../lib/gcc/arm-none-eabi/6.3.1/../../../../arm-none-eabi/lib/thumb/v6-m/crt0.o
__bss_start__                                     c:/program files (x86)/atmel/studio/7.0/toolchain/arm/arm-gnu-toolchain/bin/../lib/gcc/arm-none-eabi/6.3.1/../../../../arm-none-eabi/lib/thumb/v6-m/crt0.o
__call_exitprocs                                  c:/program files (x86)/atmel/studio/7.0/toolchain/arm/arm-gnu-toolchain/bin/../lib/gcc/arm-none-eabi/6.3.1/../../../../arm-none-eabi/lib/thumb/v6-m\libc_nano.a(lib_a-exit.o)
__deregister_frame_info                           c:/program files (x86)/atmel/studio/7.0/toolchain/arm/arm-gnu-toolchain/bin/../lib/gcc/arm-none-eabi/6.3.1/thumb/v6-m/crtbegin.o
__dso_handle                                      c:/program files (x86)/atmel/studio/7.0/toolchain/arm/arm-gnu-toolchain/bin/../lib/gcc/arm-none-eabi/6.3.1/thumb/v6-m/crtbegin.o
__init_array_end                                  c:/program files (x86)/atmel/studio/7.0/toolchain/arm/arm-gnu-toolchain/bin/../lib/gcc/arm-none-eabi/6.3.1/../../../../arm-none-eabi/lib/thumb/v6-m\libc_nano.a(lib_a-init.o)
__init_array_start                                c:/program files (x86)/atmel/studio/7.0/toolchain/arm/arm-gnu-toolchain/bin/../lib/gcc/arm-none-eabi/6.3.1/../../../../arm-none-eabi/lib/thumb/v6-m\libc_nano.a(lib_a-init.o)
__libc_fini_array                                 c:/program files (x86)/atmel/studio/7.0/toolchain/arm/arm-gnu-toolchain/bin/../lib/gcc/arm-none-eabi/6.3.1/../../../../arm-none-eabi/lib/thumb/v6-m/crt0.o
__libc_init_array                                 c:/program files (x86)/atmel/studio/7.0/toolchain/arm/arm-gnu-toolchain/bin/../lib/gcc/arm-none-eabi/6.3.1/../../../../arm-none-eabi/lib/thumb/v6-m\libc_nano.a(lib_a-init.o)
                                                  src/ASF/sam0/utils/cmsis/samd21/source/gcc/startup_samd21.o
                                                  c:/program files (x86)/atmel/studio/7.0/toolchain/arm/arm-gnu-toolchain/bin/../lib/gcc/arm-none-eabi/6.3.1/../../../../arm-none-eabi/lib/thumb/v6-m/crt0.o
__preinit_array_end                               c:/program files (x86)/atmel/studio/7.0/toolchain/arm/arm-gnu-toolchain/bin/../lib/gcc/arm-none-eabi/6.3.1/../../../../arm-none-eabi/lib/thumb/v6-m\libc_nano.a(lib_a-init.o)
__preinit_array_start                             c:/program files (x86)/atmel/studio/7.0/toolchain/arm/arm-gnu-toolchain/bin/../lib/gcc/arm-none-eabi/6.3.1/../../../../arm-none-eabi/lib/thumb/v6-m\libc_nano.a(lib_a-init.o)
__register_frame_info                             c:/program files (x86)/atmel/studio/7.0/toolchain/arm/arm-gnu-toolchain/bin/../lib/gcc/arm-none-eabi/6.3.1/thumb/v6-m/crtbegin.o
__sf_fake_stderr                                  c:/program files (x86)/atmel/studio/7.0/toolchain/arm/arm-gnu-toolchain/bin/../lib/gcc/arm-none-eabi/6.3.1/../../../../arm-none-eabi/lib/thumb/v6-m\libc_nano.a(lib_a-impure.o)
__sf_fake_stdin                                   c:/program files (x86)/atmel/studio/7.0/toolchain/arm/arm-gnu-toolchain/bin/../lib/gcc/arm-none-eabi/6.3.1/../../../../arm-none-eabi/lib/thumb/v6-m\libc_nano.a(lib_a-impure.o)
__sf_fake_stdout                                  c:/program files (x86)/atmel/studio/7.0/toolchain/arm/arm-gnu-toolchain/bin/../lib/gcc/arm-none-eabi/6.3.1/../../../../arm-none-eabi/lib/thumb/v6-m\libc_nano.a(lib_a-impure.o)
__stack                                           c:/program files (x86)/atmel/studio/7.0/toolchain/arm/arm-gnu-toolchain/bin/../lib/gcc/arm-none-eabi/6.3.1/../../../../arm-none-eabi/lib/thumb/v6-m/crt0.o
__udivsi3                                         c:/program files (x86)/atmel/studio/7.0/toolchain/arm/arm-gnu-toolchain/bin/../lib/gcc/arm-none-eabi/6.3.1/thumb/v6-m\libgcc.a(_udivsi3.o)
_close                                            src/ASF/sam0/utils/syscalls/gcc/syscalls.o
_current_channel                                  src/ASF/sam0/drivers/extint/extint_callback.o
_end                                              src/ASF/sam0/utils/syscalls/gcc/syscalls.o
_erelocate                                        src/ASF/sam0/utils/cmsis/samd21/source/gcc/startup_samd21.o
_estack                                           src/ASF/sam0/utils/cmsis/samd21/source/gcc/startup_samd21.o
_etext                                            src/ASF/sam0/utils/cmsis/samd21/source/gcc/startup_samd21.o
_exit                                             src/ASF/sam0/utils/syscalls/gcc/syscalls.o
                                                  c:/program files (x86)/atmel/studio/7.0/toolchain/arm/arm-gnu-toolchain/bin/../lib/gcc/arm-none-eabi/6.3.1/../../../../arm-none-eabi/lib/thumb/v6-m\libc_nano.a(lib_a-exit.o)
_extint_dev                                       src/ASF/sam0/drivers/extint/extint_sam_d_r_h/extint.o
                                                  src/ASF/sam0/drivers/extint/extint_callback.o
_ezero                                            src/ASF/sam0/utils/cmsis/samd21/source/gcc/startup_samd21.o
_fini                                             c:/program files (x86)/atmel/studio/7.0/toolchain/arm/arm-gnu-toolchain/bin/../lib/gcc/arm-none-eabi/6.3.1/thumb/v6-m/crti.o
_fstat                                            src/ASF/sam0/utils/syscalls/gcc/syscalls.o
_getpid                                           src/ASF/sam0/utils/syscalls/gcc/syscalls.o
_global_impure_ptr                                c:/program files (x86)/atmel/studio/7.0/toolchain/arm/arm-gnu-toolchain/bin/../lib/gcc/arm-none-eabi/6.3.1/../../../../arm-none-eabi/lib/thumb/v6-m\libc_nano.a(lib_a-impure.o)
                                                  c:/program files (x86)/atmel/studio/7.0/toolchain/arm/arm-gnu-toolchain/bin/../lib/gcc/arm-none-eabi/6.3.1/../../../../arm-none-eabi/lib/thumb/v6-m\libc_nano.a(lib_a-exit.o)
_impure_ptr                                       c:/program files (x86)/atmel/studio/7.0/toolchain/arm/arm-gnu-toolchain/bin/../lib/gcc/arm-none-eabi/6.3.1/../../../../arm-none-eabi/lib/thumb/v6-m\libc_nano.a(lib_a-impure.o)
_init                                             c:/program files (x86)/atmel/studio/7.0/toolchain/arm/arm-gnu-toolchain/bin/../lib/gcc/arm-none-eabi/6.3.1/thumb/v6-m/crti.o
                                                  c:/program files (x86)/atmel/studio/7.0/toolchain/arm/arm-gnu-toolchain/bin/../lib/gcc/arm-none-eabi/6.3.1/../../../../arm-none-eabi/lib/thumb/v6-m\libc_nano.a(lib_a-init.o)
_isatty                                           src/ASF/sam0/utils/syscalls/gcc/syscalls.o
_kill                                             src/ASF/sam0/utils/syscalls/gcc/syscalls.o
_lseek                                            src/ASF/sam0/utils/syscalls/gcc/syscalls.o
_mainCRTStartup                                   c:/program files (x86)/atmel/studio/7.0/toolchain/arm/arm-gnu-toolchain/bin/../lib/gcc/arm-none-eabi/6.3.1/../../../../arm-none-eabi/lib/thumb/v6-m/crt0.o
_sbrk                                             src/ASF/sam0/utils/syscalls/gcc/syscalls.o
_sfixed                                           src/ASF/sam0/utils/cmsis/samd21/source/gcc/startup_samd21.o
_srelocate                                        src/ASF/sam0/utils/cmsis/samd21/source/gcc/startup_samd21.o
_start                                            c:/program files (x86)/atmel/studio/7.0/toolchain/arm/arm-gnu-toolchain/bin/../lib/gcc/arm-none-eabi/6.3.1/../../../../arm-none-eabi/lib/thumb/v6-m/crt0.o
_system_divas_init                                src/ASF/sam0/drivers/system/system.o
_system_dummy_init                                src/ASF/sam0/drivers/system/system.o
_system_events_init                               src/ASF/sam0/drivers/system/system.o
_system_extint_init                               src/ASF/sam0/drivers/extint/extint_sam_d_r_h/extint.o
_szero                                            src/ASF/sam0/utils/cmsis/samd21/source/gcc/startup_samd21.o
atexit                                            c:/program files (x86)/atmel/studio/7.0/toolchain/arm/arm-gnu-toolchain/bin/../lib/gcc/arm-none-eabi/6.3.1/../../../../arm-none-eabi/lib/thumb/v6-m/crt0.o
board_init                                        src/ASF/sam0/boards/samd21_xplained_pro/board_init.o
configure_extint_callbacks                        src/main.o
configure_extint_channel                          src/main.o
cpu_irq_enter_critical                            src/ASF/common/utils/interrupt/interrupt_sam_nvic.o
                                                  src/ASF/sam0/drivers/system/clock/clock_samd21_r21_da_ha1/gclk.o
cpu_irq_leave_critical                            src/ASF/common/utils/interrupt/interrupt_sam_nvic.o
                                                  src/ASF/sam0/drivers/system/clock/clock_samd21_r21_da_ha1/gclk.o
exception_table                                   src/ASF/sam0/utils/cmsis/samd21/source/gcc/startup_samd21.o
exit                                              c:/program files (x86)/atmel/studio/7.0/toolchain/arm/arm-gnu-toolchain/bin/../lib/gcc/arm-none-eabi/6.3.1/../../../../arm-none-eabi/lib/thumb/v6-m\libc_nano.a(lib_a-exit.o)
                                                  c:/program files (x86)/atmel/studio/7.0/toolchain/arm/arm-gnu-toolchain/bin/../lib/gcc/arm-none-eabi/6.3.1/../../../../arm-none-eabi/lib/thumb/v6-m/crt0.o
extint_chan_disable_callback                      src/ASF/sam0/drivers/extint/extint_callback.o
extint_chan_enable_callback                       src/ASF/sam0/drivers/extint/extint_callback.o
                                                  src/main.o
extint_chan_get_config_defaults                   src/ASF/sam0/drivers/extint/extint_sam_d_r_h/extint.o
                                                  src/main.o
extint_chan_set_config                            src/ASF/sam0/drivers/extint/extint_sam_d_r_h/extint.o
                                                  src/main.o
extint_detection_callback                         src/main.o
extint_disable_events                             src/ASF/sam0/drivers/extint/extint_sam_d_r_h/extint.o
extint_enable_events                              src/ASF/sam0/drivers/extint/extint_sam_d_r_h/extint.o
extint_get_current_channel                        src/ASF/sam0/drivers/extint/extint_callback.o
extint_nmi_set_config                             src/ASF/sam0/drivers/extint/extint_sam_d_r_h/extint.o
extint_register_callback                          src/ASF/sam0/drivers/extint/extint_callback.o
                                                  src/main.o
extint_unregister_callback                        src/ASF/sam0/drivers/extint/extint_callback.o
g_interrupt_enabled                               src/ASF/common/utils/interrupt/interrupt_sam_nvic.o
                                                  src/main.o
hardware_init_hook                                c:/program files (x86)/atmel/studio/7.0/toolchain/arm/arm-gnu-toolchain/bin/../lib/gcc/arm-none-eabi/6.3.1/../../../../arm-none-eabi/lib/thumb/v6-m/crt0.o
ledValue                                          src/led-driver.o
led_config                                        src/led-driver.o
                                                  src/main.o
led_off                                           src/led-driver.o
                                                  src/main.o
led_on                                            src/led-driver.o
                                                  src/main.o
led_toggle                                        src/led-driver.o
link                                              src/ASF/sam0/utils/syscalls/gcc/syscalls.o
main                                              src/main.o
                                                  src/ASF/sam0/utils/cmsis/samd21/source/gcc/startup_samd21.o
                                                  c:/program files (x86)/atmel/studio/7.0/toolchain/arm/arm-gnu-toolchain/bin/../lib/gcc/arm-none-eabi/6.3.1/../../../../arm-none-eabi/lib/thumb/v6-m/crt0.o
memset                                            c:/program files (x86)/atmel/studio/7.0/toolchain/arm/arm-gnu-toolchain/bin/../lib/gcc/arm-none-eabi/6.3.1/../../../../arm-none-eabi/lib/thumb/v6-m\libc_nano.a(lib_a-memset.o)
                                                  c:/program files (x86)/atmel/studio/7.0/toolchain/arm/arm-gnu-toolchain/bin/../lib/gcc/arm-none-eabi/6.3.1/../../../../arm-none-eabi/lib/thumb/v6-m/crt0.o
port_group_set_config                             src/ASF/sam0/drivers/port/port.o
port_pin_set_config                               src/ASF/sam0/drivers/port/port.o
                                                  src/ASF/sam0/boards/samd21_xplained_pro/board_init.o
software_init_hook                                c:/program files (x86)/atmel/studio/7.0/toolchain/arm/arm-gnu-toolchain/bin/../lib/gcc/arm-none-eabi/6.3.1/../../../../arm-none-eabi/lib/thumb/v6-m/crt0.o
system_board_init                                 src/ASF/sam0/boards/samd21_xplained_pro/board_init.o
system_clock_init                                 src/ASF/sam0/drivers/system/clock/clock_samd21_r21_da_ha1/clock.o
system_clock_source_dfll_set_config               src/ASF/sam0/drivers/system/clock/clock_samd21_r21_da_ha1/clock.o
system_clock_source_disable                       src/ASF/sam0/drivers/system/clock/clock_samd21_r21_da_ha1/clock.o
system_clock_source_dpll_set_config               src/ASF/sam0/drivers/system/clock/clock_samd21_r21_da_ha1/clock.o
system_clock_source_enable                        src/ASF/sam0/drivers/system/clock/clock_samd21_r21_da_ha1/clock.o
system_clock_source_get_hz                        src/ASF/sam0/drivers/system/clock/clock_samd21_r21_da_ha1/clock.o
                                                  src/ASF/sam0/drivers/system/clock/clock_samd21_r21_da_ha1/gclk.o
system_clock_source_is_ready                      src/ASF/sam0/drivers/system/clock/clock_samd21_r21_da_ha1/clock.o
system_clock_source_osc32k_set_config             src/ASF/sam0/drivers/system/clock/clock_samd21_r21_da_ha1/clock.o
system_clock_source_osc8m_set_config              src/ASF/sam0/drivers/system/clock/clock_samd21_r21_da_ha1/clock.o
system_clock_source_write_calibration             src/ASF/sam0/drivers/system/clock/clock_samd21_r21_da_ha1/clock.o
system_clock_source_xosc32k_set_config            src/ASF/sam0/drivers/system/clock/clock_samd21_r21_da_ha1/clock.o
system_clock_source_xosc_set_config               src/ASF/sam0/drivers/system/clock/clock_samd21_r21_da_ha1/clock.o
system_gclk_chan_disable                          src/ASF/sam0/drivers/system/clock/clock_samd21_r21_da_ha1/gclk.o
                                                  src/ASF/sam0/drivers/extint/extint_sam_d_r_h/extint.o
system_gclk_chan_enable                           src/ASF/sam0/drivers/system/clock/clock_samd21_r21_da_ha1/gclk.o
                                                  src/ASF/sam0/drivers/extint/extint_sam_d_r_h/extint.o
system_gclk_chan_get_hz                           src/ASF/sam0/drivers/system/clock/clock_samd21_r21_da_ha1/gclk.o
                                                  src/ASF/sam0/drivers/system/clock/clock_samd21_r21_da_ha1/clock.o
system_gclk_chan_is_enabled                       src/ASF/sam0/drivers/system/clock/clock_samd21_r21_da_ha1/gclk.o
system_gclk_chan_is_locked                        src/ASF/sam0/drivers/system/clock/clock_samd21_r21_da_ha1/gclk.o
system_gclk_chan_lock                             src/ASF/sam0/drivers/system/clock/clock_samd21_r21_da_ha1/gclk.o
system_gclk_chan_set_config                       src/ASF/sam0/drivers/system/clock/clock_samd21_r21_da_ha1/gclk.o
                                                  src/ASF/sam0/drivers/system/clock/clock_samd21_r21_da_ha1/clock.o
                                                  src/ASF/sam0/drivers/extint/extint_sam_d_r_h/extint.o
system_gclk_gen_disable                           src/ASF/sam0/drivers/system/clock/clock_samd21_r21_da_ha1/gclk.o
system_gclk_gen_enable                            src/ASF/sam0/drivers/system/clock/clock_samd21_r21_da_ha1/gclk.o
                                                  src/ASF/sam0/drivers/system/clock/clock_samd21_r21_da_ha1/clock.o
system_gclk_gen_get_hz                            src/ASF/sam0/drivers/system/clock/clock_samd21_r21_da_ha1/gclk.o
system_gclk_gen_is_enabled                        src/ASF/sam0/drivers/system/clock/clock_samd21_r21_da_ha1/gclk.o
system_gclk_gen_set_config                        src/ASF/sam0/drivers/system/clock/clock_samd21_r21_da_ha1/gclk.o
                                                  src/ASF/sam0/drivers/system/clock/clock_samd21_r21_da_ha1/clock.o
system_gclk_init                                  src/ASF/sam0/drivers/system/clock/clock_samd21_r21_da_ha1/gclk.o
                                                  src/ASF/sam0/drivers/system/clock/clock_samd21_r21_da_ha1/clock.o
system_init                                       src/ASF/sam0/drivers/system/system.o
                                                  src/main.o
system_interrupt_clear_pending                    src/ASF/sam0/drivers/system/interrupt/system_interrupt.o
system_interrupt_get_priority                     src/ASF/sam0/drivers/system/interrupt/system_interrupt.o
system_interrupt_is_pending                       src/ASF/sam0/drivers/system/interrupt/system_interrupt.o
system_interrupt_set_pending                      src/ASF/sam0/drivers/system/interrupt/system_interrupt.o
system_interrupt_set_priority                     src/ASF/sam0/drivers/system/interrupt/system_interrupt.o
system_pinmux_group_set_config                    src/ASF/sam0/drivers/system/pinmux/pinmux.o
                                                  src/ASF/sam0/drivers/port/port.o
system_pinmux_group_set_input_sample_mode         src/ASF/sam0/drivers/system/pinmux/pinmux.o
system_pinmux_group_set_output_strength           src/ASF/sam0/drivers/system/pinmux/pinmux.o
system_pinmux_pin_set_config                      src/ASF/sam0/drivers/system/pinmux/pinmux.o
                                                  src/ASF/sam0/drivers/port/port.o
                                                  src/ASF/sam0/drivers/extint/extint_sam_d_r_h/extint.o
